ard_socket.c:17:5:start_client	56	static
ard_socket.c:63:5:start_clientv6	72	static
ard_socket.c:118:5:start_client_v6	72	static
ard_socket.c:171:5:start_server	48	static
ard_socket.c:211:5:start_server_v6	56	static
ard_socket.c:252:5:get_sock_errno	24	static
ard_socket.c:259:5:set_sock_recv_timeout	24	static
ard_socket.c:263:6:close_socket	0	static
ard_socket.c:267:5:enable_ipv6	0	static
ard_socket.c:273:5:get_ipv6_status	0	static
ard_socket.c:278:5:sock_listen	8	static
ard_socket.c:289:5:get_available	64	static
ard_socket.c:324:5:get_available_v6	80	static
ard_socket.c:361:5:recv_data	0	static
ard_socket.c:369:5:send_data	0	static
ard_socket.c:379:5:sendto_data	56	static
ard_socket.c:393:5:sendto_data_v6	72	static
ard_socket.c:410:5:get_receive	80	static
ard_socket.c:449:5:get_receive_v6	56	static
ard_socket.c:463:6:ipv6_udp_server	1832	static
