SPI.cpp:34:1:SPIClass::SPIClass(void*, int, int, int, int)	20	static
SPI.cpp:57:6:void SPIClass::beginTransaction(uint8_t, SPISettings)	24	static
SPI.cpp:72:6:void SPIClass::beginTransaction(SPISettings)	8	static
SPI.cpp:77:6:void SPIClass::endTransaction()	8	static
SPI.cpp:85:6:void SPIClass::begin()	24	static
SPI.cpp:110:6:void SPIClass::begin(int)	24	static
SPI.cpp:137:6:void SPIClass::end()	8	static
SPI.cpp:145:6:byte SPIClass::transfer(byte, uint8_t, SPITransferMode)	32	static
SPI.cpp:179:6:byte SPIClass::transfer(uint8_t, SPITransferMode)	8	static
SPI.cpp:206:6:void SPIClass::transfer(byte, void*, size_t, SPITransferMode)	24	static
SPI.cpp:220:6:void SPIClass::transfer(void*, size_t, SPITransferMode)	16	static
SPI.cpp:225:10:uint16_t SPIClass::transfer16(byte, uint16_t, SPITransferMode)	24	static
SPI.cpp:241:10:uint16_t SPIClass::transfer16(uint16_t, SPITransferMode)	0	static
SPI.cpp:246:6:void SPIClass::setBitOrder(uint8_t, BitOrder)	0	static
SPI.cpp:253:6:void SPIClass::setBitOrder(BitOrder)	0	static
SPI.cpp:259:6:void SPIClass::setDataMode(uint8_t, uint8_t)	0	static
SPI.cpp:268:6:void SPIClass::setDataMode(uint8_t)	4	static
SPI.cpp:274:6:void SPIClass::setClockDivider(uint8_t, uint8_t)	0	static
SPI.cpp:283:6:void SPIClass::setClockDivider(uint8_t)	0	static
SPI.cpp:290:6:void SPIClass::setDefaultFrequency(int)	0	static
SPI.cpp:307:72:cpp)	16	static
