PubSubClient.cpp:716:8:virtual size_t PubSubClient::write(uint8_t)	16	static
PubSubClient.cpp:721:8:virtual size_t PubSubClient::write(const uint8_t*, size_t)	16	static
PubSubClient.cpp:952:9:boolean PubSubClient::setBufferSize(uint16_t)	16	static
PubSubClient.cpp:11:1:PubSubClient::PubSubClient()	16	static
PubSubClient.cpp:28:1:PubSubClient::PubSubClient(Client&)	16	static
PubSubClient.cpp:44:1:PubSubClient::PubSubClient(IPAddress, uint16_t, Client&)	56	static
PubSubClient.cpp:60:1:PubSubClient::PubSubClient(IPAddress, uint16_t, Client&, Stream&)	56	static
PubSubClient.cpp:76:1:PubSubClient::PubSubClient(IPAddress, uint16_t, void (*)(char*, uint8_t*, unsigned int), Client&)	56	static
PubSubClient.cpp:93:1:PubSubClient::PubSubClient(IPAddress, uint16_t, void (*)(char*, uint8_t*, unsigned int), Client&, Stream&)	64	static
PubSubClient.cpp:178:1:PubSubClient::PubSubClient(const char*, uint16_t, Client&)	24	static
PubSubClient.cpp:194:1:PubSubClient::PubSubClient(const char*, uint16_t, Client&, Stream&)	24	static
PubSubClient.cpp:211:1:PubSubClient::PubSubClient(const char*, uint16_t, void (*)(char*, uint8_t*, unsigned int), Client&)	24	static
PubSubClient.cpp:228:1:PubSubClient::PubSubClient(const char*, uint16_t, void (*)(char*, uint8_t*, unsigned int), Client&, Stream&)	24	static
PubSubClient.cpp:246:1:PubSubClient::~PubSubClient()	8	static
PubSubClient.cpp:376:9:boolean PubSubClient::readByte(uint8_t*)	24	static
PubSubClient.cpp:398:9:boolean PubSubClient::readByte(uint8_t*, uint16_t*)	16	static
PubSubClient.cpp:408:10:uint32_t PubSubClient::readPacket(uint8_t*)	56	static
PubSubClient.cpp:712:5:int PubSubClient::endPublish()	0	static
PubSubClient.cpp:726:8:size_t PubSubClient::buildHeader(uint8_t, uint8_t*, uint16_t)	24	static
PubSubClient.cpp:750:9:boolean PubSubClient::write(uint8_t, uint8_t*, uint16_t)	24	static
PubSubClient.cpp:872:6:void PubSubClient::disconnect()	8	static
PubSubClient.cpp:882:10:uint16_t PubSubClient::writeString(const char*, uint8_t*, uint16_t)	8	static
PubSubClient.cpp:896:9:boolean PubSubClient::connected()	16	static
PubSubClient.cpp:266:9:boolean PubSubClient::connect(const char*, const char*, const char*, const char*, uint8_t, boolean, const char*, boolean)	80	static
PubSubClient.cpp:250:9:boolean PubSubClient::connect(const char*)	32	static
PubSubClient.cpp:254:9:boolean PubSubClient::connect(const char*, const char*, const char*)	40	static
PubSubClient.cpp:258:9:boolean PubSubClient::connect(const char*, const char*, uint8_t, boolean, const char*)	40	static
PubSubClient.cpp:262:9:boolean PubSubClient::connect(const char*, const char*, const char*, const char*, uint8_t, boolean, const char*)	48	static
PubSubClient.cpp:466:9:boolean PubSubClient::loop()	32	static
PubSubClient.cpp:561:9:boolean PubSubClient::publish(const char*, const uint8_t*, unsigned int, boolean)	32	static
PubSubClient.cpp:549:9:boolean PubSubClient::publish(const char*, const char*)	32	static
PubSubClient.cpp:553:9:boolean PubSubClient::publish(const char*, const char*, boolean)	32	static
PubSubClient.cpp:557:9:boolean PubSubClient::publish(const char*, const uint8_t*, unsigned int)	16	static
PubSubClient.cpp:647:9:boolean PubSubClient::publish_P(const char*, const uint8_t*, unsigned int, boolean)	32	static
PubSubClient.cpp:643:9:boolean PubSubClient::publish_P(const char*, const char*, boolean)	32	static
PubSubClient.cpp:695:9:boolean PubSubClient::beginPublish(const char*, unsigned int, boolean)	24	static
PubSubClient.cpp:778:9:boolean PubSubClient::subscribe(const char*, uint8_t)	24	static
PubSubClient.cpp:774:9:boolean PubSubClient::subscribe(const char*)	0	static
PubSubClient.cpp:827:9:boolean PubSubClient::unsubscribe(const char*)	24	static
PubSubClient.cpp:915:15:PubSubClient& PubSubClient::setServer(uint8_t*, uint16_t)	88	static
PubSubClient.cpp:111:1:PubSubClient::PubSubClient(uint8_t*, uint16_t, Client&)	24	static
PubSubClient.cpp:127:1:PubSubClient::PubSubClient(uint8_t*, uint16_t, Client&, Stream&)	32	static
PubSubClient.cpp:143:1:PubSubClient::PubSubClient(uint8_t*, uint16_t, void (*)(char*, uint8_t*, unsigned int), Client&)	32	static
PubSubClient.cpp:160:1:PubSubClient::PubSubClient(uint8_t*, uint16_t, void (*)(char*, uint8_t*, unsigned int), Client&, Stream&)	32	static
PubSubClient.cpp:920:15:PubSubClient& PubSubClient::setServer(IPAddress, uint16_t)	12	static
PubSubClient.cpp:927:15:PubSubClient& PubSubClient::setServer(const char*, uint16_t)	0	static
PubSubClient.cpp:933:15:PubSubClient& PubSubClient::setCallback(void (*)(char*, uint8_t*, unsigned int))	0	static
PubSubClient.cpp:938:15:PubSubClient& PubSubClient::setClient(Client&)	0	static
PubSubClient.cpp:943:15:PubSubClient& PubSubClient::setStream(Stream&)	0	static
PubSubClient.cpp:948:5:int PubSubClient::state()	0	static
PubSubClient.cpp:952:9:boolean PubSubClient::setBufferSize(uint16_t)	0	static
PubSubClient.cpp:971:10:uint16_t PubSubClient::getBufferSize()	0	static
PubSubClient.cpp:974:15:PubSubClient& PubSubClient::setKeepAlive(uint16_t)	0	static
PubSubClient.cpp:978:15:PubSubClient& PubSubClient::setSocketTimeout(uint16_t)	0	static
PubSubClient.cpp:984:6:void PubSubClient::waitForAck(uint8_t)	0	static
PubSubClient.cpp:990:9:uint8_t PubSubClient::setPublishQos(uint8_t)	0	static
PubSubClient.cpp:993:1:cpp)	16	static
