BW16_EPD266.ino:279:6:void Core0Task2(void*)	8	static
Allocator.hpp:26:9:virtual void* ArduinoJson::V742PB22::detail::DefaultAllocator::allocate(size_t)	0	static
Allocator.hpp:34:9:virtual void* ArduinoJson::V742PB22::detail::DefaultAllocator::reallocate(void*, size_t)	0	static
Allocator.hpp:30:8:virtual void ArduinoJson::V742PB22::detail::DefaultAllocator::deallocate(void*)	0	static
ResourceManager.hpp:34:3:ArduinoJson::V742PB22::detail::ResourceManager::~ResourceManager()	32	static
VariantImpl.hpp:48:13:void ArduinoJson::V742PB22::detail::VariantData::clear(ArduinoJson::V742PB22::detail::ResourceManager*)	120	static
WiFiConfig.h:9:7:WiFiConfig::WiFiConfig()	32	static
BW16_EPD266.ino:93:6:void setup()	8	static
BW16_EPD266.ino:313:6:void WS2812B_breathing_ON_OFF()	48	static
BW16_EPD266.ino:358:6:void WS2812B_breathing_Ex_ON_OFF()	4096	dynamic,bounded
IO.ino:192:6:void Output_Blink()	8	static
IO.ino:205:6:void Set_Input_dir(byte, bool)	0	static
IO.ino:218:6:void Set_Input_dir(int)	8	static
IO.ino:241:5:int Get_Input_dir()	0	static
IO.ino:256:6:void Set_Output_dir(byte, bool)	0	static
IO.ino:269:6:void Set_Output_dir(int)	8	static
IO.ino:79:6:void IO_Init()	8	static
IO.ino:292:5:int Get_Output_dir()	0	static
IO.ino:309:5:int GetInput()	16	static
IO.ino:337:5:int GetOutput()	0	static
IO.ino:138:6:void sub_IO_Program()	24	static
IO.ino:353:6:void SetOutputTrigger(int)	0	static
IO.ino:366:6:void SetOutputPINTrigger(byte, bool)	0	static
IO.ino:380:6:void SetOutput(int)	8	static
IO.ino:428:6:void SetOutputPIN(byte, bool)	0	static
UDP_Receive.ino:636:6:void Clear_char_buf()	0	static
UDP_Receive.ino:682:8:String IpAddress2String(const IPAddress&)	112	static
VariantData.hpp:54:34:typename TVisitor::result_type ArduinoJson::V742PB22::detail::VariantData::accept(TVisitor&, const ArduinoJson::V742PB22::detail::ResourceManager*) const [with TVisitor = ArduinoJson::V742PB22::detail::JsonSerializer<ArduinoJson::V742PB22::detail::Writer<String, void> >]	96	static
serialize.hpp:12:8:size_t ArduinoJson::V742PB22::detail::doSerialize(ArduinoJson::V742PB22::JsonVariantConst, TWriter) [with TSerializer = ArduinoJson::V742PB22::detail::JsonSerializer; TWriter = ArduinoJson::V742PB22::detail::Writer<String, void>]	168	static
serialize.hpp:20:8:size_t ArduinoJson::V742PB22::detail::serialize(ArduinoJson::V742PB22::JsonVariantConst, TDestination&) [with TSerializer = ArduinoJson::V742PB22::detail::JsonSerializer; TDestination = String]	104	static
ObjectImpl.hpp:24:14:ArduinoJson::V742PB22::detail::VariantData* ArduinoJson::V742PB22::detail::ObjectData::getOrAddMember(TAdaptedString, ArduinoJson::V742PB22::detail::ResourceManager*) [with TAdaptedString = ArduinoJson::V742PB22::detail::RamString]	88	static
UDP_Receive.ino:688:1:ino)	40	static
UDP_Receive.ino:688:1:ino)	8	static
UART2.ino:14:6:void serial2Event()	24	static
UART.ino:345:6:void Get_Checksum()	32	static
UART.ino:9:6:void serialEvent()	144	dynamic
BW16_EPD266.ino:234:6:void Core0Task1(void*)	48	static
UDP_Receive.ino:656:6:void Connect_UDP(int)	8	static
UDP_Receive.ino:662:6:void Send_Bytes(uint8_t*, int, IPAddress, int)	64	static
UDP_Receive.ino:668:6:void Send_String(String, int)	48	static
UDP_Receive.ino:674:6:void Send_StringTo(String, IPAddress, int)	56	static
UDP_JsonSend.ino:10:6:void sub_UDP_Send()	328	static
UDP_Receive.ino:640:6:void Get_Checksum_UDP()	72	static
UDP_Receive.ino:24:6:void onPacketCallBack()	96	dynamic
BW16_EPD266.ino:103:6:void loop()	56	static
