MyJPEGDecoder.cpp:57:9:static uint8_t JPEGDecoder::pjpeg_callback(uint8_t*, uint8_t, uint8_t*, void*)	12	static
MyJPEGDecoder.cpp:43:1:JPEGDecoder::JPEGDecoder()	0	static
MyJPEGDecoder.cpp:51:1:JPEGDecoder::~JPEGDecoder()	8	static
MyJPEGDecoder.cpp:64:9:uint8_t JPEGDecoder::pjpeg_need_bytes_callback(uint8_t*, uint8_t, uint8_t*, void*)	12	static
MyJPEGDecoder.cpp:85:5:int JPEGDecoder::decode_mcu()	8	static
MyJPEGDecoder.cpp:105:5:int JPEGDecoder::read()	128	static
MyJPEGDecoder.cpp:189:5:int JPEGDecoder::readSwappedBytes()	128	static
MyJPEGDecoder.cpp:283:5:int JPEGDecoder::decodeCommon()	24	static
MyJPEGDecoder.cpp:269:5:int JPEGDecoder::decodeArray(const uint8_t*, uint32_t)	4	static
MyJPEGDecoder.cpp:334:6:void JPEGDecoder::abort()	8	static
MyJPEGDecoder.cpp:342:1:cpp)	0	static
MyJPEGDecoder.cpp:342:1:cpp)	0	static
