PMS3003.cpp:17:6:void pms3003_handle_interrupt(uint32_t, uint32_t)	16	static
PMS3003.cpp:28:1:PMS3003::PMS3003(int, int, int, int)	16	static
PMS3003.cpp:42:6:void PMS3003::begin()	8	static
PMS3003.cpp:57:6:void PMS3003::end()	8	static
PMS3003.cpp:119:6:void PMS3003::update_cache()	88	static
PMS3003.cpp:62:5:int PMS3003::get_pm1p0_cf1()	8	static
PMS3003.cpp:67:5:int PMS3003::get_pm2p5_cf1()	8	static
PMS3003.cpp:72:5:int PMS3003::get_pm10_cf1()	8	static
PMS3003.cpp:77:5:int PMS3003::get_pm1p0_air()	8	static
PMS3003.cpp:82:5:int PMS3003::get_pm2p5_air()	8	static
PMS3003.cpp:87:5:int PMS3003::get_pm10_air()	8	static
