DFRobot_MCP23017.cpp:59:1:DFRobot_MCP23017::DFRobot_MCP23017(TwoWire&, uint8_t)	8	static
DFRobot_MCP23017.cpp:66:1:DFRobot_MCP23017::~DFRobot_MCP23017()	0	static
DFRobot_MCP23017.cpp:89:8:String DFRobot_MCP23017::pinDescription(DFRobot_MCP23017::ePin_t)	16	static
DFRobot_MCP23017.cpp:99:8:String DFRobot_MCP23017::pinDescription(int)	16	static
DFRobot_MCP23017.cpp:295:5:int DFRobot_MCP23017::i2cdetect(uint8_t)	8	static
DFRobot_MCP23017.cpp:512:9:uint8_t DFRobot_MCP23017::updateBit(uint8_t, uint8_t, uint8_t)	0	static
DFRobot_MCP23017.cpp:544:6:void DFRobot_MCP23017::writeReg(uint8_t, const void*, size_t)	32	static
DFRobot_MCP23017.cpp:70:5:int DFRobot_MCP23017::begin()	32	static
DFRobot_MCP23017.cpp:558:9:uint8_t DFRobot_MCP23017::readReg(uint8_t, void*, size_t)	40	static
DFRobot_MCP23017.cpp:148:5:int DFRobot_MCP23017::digitalWrite(DFRobot_MCP23017::ePin_t, uint8_t)	40	static
DFRobot_MCP23017.cpp:190:5:int DFRobot_MCP23017::digitalRead(DFRobot_MCP23017::ePin_t)	16	static
DFRobot_MCP23017.cpp:214:6:void DFRobot_MCP23017::pollInterrupts(DFRobot_MCP23017::eGPIOGroup_t)	24	static
DFRobot_MCP23017.cpp:318:5:int DFRobot_MCP23017::setOutput(uint8_t, uint8_t, bool)	32	static
DFRobot_MCP23017.cpp:331:5:int DFRobot_MCP23017::setPullUp(uint8_t, uint8_t, bool)	32	static
DFRobot_MCP23017.cpp:108:5:int DFRobot_MCP23017::pinMode(DFRobot_MCP23017::ePin_t, uint8_t)	24	static
DFRobot_MCP23017.cpp:304:5:int DFRobot_MCP23017::setInput(uint8_t, uint8_t, bool)	0	static
DFRobot_MCP23017.cpp:344:5:int DFRobot_MCP23017::setInterruptModeChangeLevel(uint8_t)	32	static
DFRobot_MCP23017.cpp:394:5:int DFRobot_MCP23017::setInterruptModeLowLevel(uint8_t)	32	static
DFRobot_MCP23017.cpp:445:5:int DFRobot_MCP23017::setInterruptModeHighLevel(uint8_t)	32	static
DFRobot_MCP23017.cpp:522:6:void DFRobot_MCP23017::interruptConfig()	32	static
DFRobot_MCP23017.cpp:267:6:void DFRobot_MCP23017::pinModeInterrupt(DFRobot_MCP23017::ePin_t, DFRobot_MCP23017::eInterruptMode_t, MCP23017_INT_CB)	24	static
