WiFiConfig.cpp:14:6:void WiFiConfig::MQTT_callback(char*, byte*, unsigned int)	24	static
WiFiConfig.cpp:72:6:bool WiFiConfig::MQTT_publishMessage(const char*, const char*, bool)	32	static
WiFiConfig.cpp:25:6:void WiFiConfig::MQTT_reconnect()	64	static
WiFiConfig.cpp:97:6:void WiFiConfig::setMacAddress()	32	static
WiFiConfig.cpp:118:7:char* WiFiConfig::getMacAddress()	56	static
WiFiConfig.cpp:184:6:void WiFiConfig::WIFI_Disconnenct()	0	static
WiFiConfig.cpp:240:6:void WiFiConfig::Set_IPAdress(byte, byte, byte, byte)	64	static
WiFiConfig.cpp:250:6:void WiFiConfig::Set_Subnet(byte, byte, byte, byte)	24	static
WiFiConfig.cpp:258:6:void WiFiConfig::Set_Gateway(byte, byte, byte, byte)	24	static
WiFiConfig.cpp:266:6:void WiFiConfig::Set_DNS(byte, byte, byte, byte)	24	static
WiFiConfig.cpp:274:6:void WiFiConfig::Set_Server_IPAdress(byte, byte, byte, byte)	64	static
WiFiConfig.cpp:284:6:void WiFiConfig::Set_Localport(int)	16	static
WiFiConfig.cpp:293:6:void WiFiConfig::Set_Serverport(int)	16	static
WiFiConfig.cpp:302:6:void WiFiConfig::Set_SSID(String)	48	static
WiFiConfig.cpp:312:6:void WiFiConfig::Set_Password(String)	48	static
WiFiConfig.cpp:322:6:void WiFiConfig::Set_Station(int)	16	static
WiFiConfig.cpp:330:6:void WiFiConfig::Set_PC_Restart(bool)	8	static
WiFiConfig.cpp:342:6:void WiFiConfig::Set_IsUpdate(bool)	8	static
WiFiConfig.cpp:354:6:void WiFiConfig::Set_IsLocker(bool)	8	static
WiFiConfig.cpp:366:6:void WiFiConfig::Set_UDP_SemdTime(int)	16	static
WiFiConfig.cpp:375:6:void WiFiConfig::Set_Input_dir(int)	16	static
WiFiConfig.cpp:384:6:void WiFiConfig::Set_Output_dir(int)	16	static
WiFiConfig.cpp:396:5:int WiFiConfig::GetRSSI()	0	static
WiFiConfig.cpp:400:7:byte* WiFiConfig::Get_IPAdress()	16	static
WiFiConfig.cpp:408:7:byte* WiFiConfig::Get_Subnet()	16	static
WiFiConfig.cpp:416:7:byte* WiFiConfig::Get_Gateway()	16	static
WiFiConfig.cpp:424:7:byte* WiFiConfig::Get_DNS()	16	static
WiFiConfig.cpp:432:7:byte* WiFiConfig::Get_Server_IPAdress()	16	static
WiFiConfig.cpp:440:5:int WiFiConfig::Get_Localport()	16	static
WiFiConfig.cpp:447:5:int WiFiConfig::Get_Serverport()	16	static
WiFiConfig.cpp:454:5:int WiFiConfig::Get_Station()	16	static
WiFiConfig.cpp:461:6:byte WiFiConfig::Get_PC_Restart()	0	static
WiFiConfig.cpp:466:6:byte WiFiConfig::Get_IsUpdate()	0	static
WiFiConfig.cpp:471:6:bool WiFiConfig::Get_IsLocker()	8	static
WiFiConfig.cpp:476:5:int WiFiConfig::Get_UDP_SemdTime()	16	static
WiFiConfig.cpp:483:5:int WiFiConfig::Get_Input_dir()	16	static
WiFiConfig.cpp:490:5:int WiFiConfig::Get_Output_dir()	16	static
WiFiConfig.cpp:499:8:String WiFiConfig::Get_IPAdress_Str()	112	static
WiFiConfig.cpp:507:11:IPAddress WiFiConfig::Get_IPAdressClass()	24	static
WiFiConfig.cpp:515:8:String WiFiConfig::Get_Subnet_Str()	80	static
WiFiConfig.cpp:521:8:String WiFiConfig::Get_Gateway_Str()	80	static
WiFiConfig.cpp:527:8:String WiFiConfig::Get_DNS_Str()	80	static
WiFiConfig.cpp:533:8:String WiFiConfig::Get_Server_IPAdress_Str()	112	static
WiFiConfig.cpp:541:11:IPAddress WiFiConfig::Get_Server_IPAdressClass()	24	static
WiFiConfig.cpp:549:8:String WiFiConfig::Get_Localport_Str()	8	static
WiFiConfig.cpp:553:8:String WiFiConfig::Get_Serverport_Str()	8	static
WiFiConfig.cpp:557:8:String WiFiConfig::Get_SSID_Str()	24	static
WiFiConfig.cpp:574:8:String WiFiConfig::Get_Password_Str()	24	static
WiFiConfig.cpp:130:6:void WiFiConfig::Init(String)	184	static
WiFiConfig.cpp:188:6:void WiFiConfig::WIFI_Connenct()	296	static
WiFiConfig.cpp:591:8:String WiFiConfig::Get_Station_Str()	8	static
WiFiConfig.cpp:595:8:String WiFiConfig::Get_UDP_SemdTime_Str()	8	static
WiFiConfig.cpp:598:1:cpp)	16	static
